/dados/Resultado/01 _Ofício de encaminhamento.pdf
/dados/Resultado/02 _Of. n  3020.2017 - SCI encaminha documentação.pdf
/dados/Resultado/03 Ofício de encaminhamento.pdf
/dados/Resultado/04 ofício de encaminhamento 4.PDF
/dados/Resultado/06 ofício de encaminhamento.PDF
/dados/Resultado/07 ofício de encaminhamento.PDF
/dados/Resultado/AMPLE POWER LIMITED 1.pdf
/dados/Resultado/AMPLE POWER LIMITED 10.pdf
/dados/Resultado/AMPLE POWER LIMITED 11.pdf
/dados/Resultado/AMPLE POWER LIMITED 2.pdf
/dados/Resultado/AMPLE POWER LIMITED 3.pdf
/dados/Resultado/AMPLE POWER LIMITED 4.pdf
/dados/Resultado/AMPLE POWER LIMITED 5.pdf
/dados/Resultado/AMPLE POWER LIMITED 6.pdf
/dados/Resultado/AMPLE POWER LIMITED 7.pdf
/dados/Resultado/AMPLE POWER LIMITED 8.pdf
/dados/Resultado/AMPLE POWER LIMITED 9.pdf
/dados/Resultado/CASU TRUST & MANAGEMENT SERVICES SA 1.pdf
/dados/Resultado/CASU TRUST & MANAGEMENT SERVICES SA 2.pdf
/dados/Resultado/CASU TRUST & MANAGEMENT SERVICES SA 3.pdf
/dados/Resultado/CRESSWELL OVERSEAS SA 1.pdf
/dados/Resultado/CRESSWELL OVERSEAS SA 2.pdf
/dados/Resultado/CRESSWELL OVERSEAS SA 3.pdf
/dados/Resultado/DRAFTSYSTEMS & COMMUNICATIONS LTD 1.pdf
/dados/Resultado/DRAFTSYSTEMS & COMMUNICATIONS LTD 2.pdf
/dados/Resultado/DRAFTSYSTEMS & COMMUNICATIONS LTD 3.pdf
/dados/Resultado/ENGETEC CONSULTING SERVICES 1.pdf
/dados/Resultado/ENGETEC CONSULTING SERVICES 2.pdf
/dados/Resultado/ENGETEC CONSULTING SERVICES 3.pdf
/dados/Resultado/ERIE INTERNATIONAL LLC 1.pdf
/dados/Resultado/FASTTRACKER GLOBAL TRADING LTD 1.pdf
/dados/Resultado/FINCASTLE ENTERPRISES LTD 1.pdf
/dados/Resultado/FINCASTLE ENTERPRISES LTD 2.pdf
/dados/Resultado/FINCASTLE ENTERPRISES LTD 3.pdf
/dados/Resultado/FINCASTLE ENTERPRISES LTD 4.pdf
/dados/Resultado/FINCASTLE ENTERPRISES LTD 5.pdf
/dados/Resultado/FINCASTLE ENTERPRISES LTD 6.pdf
/dados/Resultado/FINCASTLE ENTERPRISES LTD 7.pdf
/dados/Resultado/FINCASTLE ENTERPRISES LTD 8.pdf
/dados/Resultado/FINCASTLE ENTERPRISES LTD 9.pdf
/dados/Resultado/GRANGEMOUTH TRADING COMPANY LP 1.pdf
/dados/Resultado/GRANITE INVESTMENT FUND 1.pdf
/dados/Resultado/GVTEL CORP SL 1.pdf
/dados/Resultado/GVTEL CORP SL 2.pdf
/dados/Resultado/GVTEL CORP SL 3.pdf
/dados/Resultado/GVTEL CORP SL 4.pdf
/dados/Resultado/HOST TELECOMMUNICATION CORP 1.pdf
/dados/Resultado/HOST TELECOMMUNICATION CORP 2.pdf
/dados/Resultado/HOST TELECOMMUNICATION CORP 3.pdf
/dados/Resultado/HOST TELECOMMUNICATION CORP 4.pdf
/dados/Resultado/IFX TRADING CORP 1.pdf
/dados/Resultado/INNOVATION RESEARCH ENGINEERING AND DEVELOPMENT LTD 1.pdf
/dados/Resultado/INNOVATION RESEARCH ENGINEERING AND DEVELOPMENT LTD 10.pdf
/dados/Resultado/INNOVATION RESEARCH ENGINEERING AND DEVELOPMENT LTD 11.pdf
/dados/Resultado/INNOVATION RESEARCH ENGINEERING AND DEVELOPMENT LTD 2.pdf
/dados/Resultado/INNOVATION RESEARCH ENGINEERING AND DEVELOPMENT LTD 3.pdf
/dados/Resultado/INNOVATION RESEARCH ENGINEERING AND DEVELOPMENT LTD 4.pdf
/dados/Resultado/INNOVATION RESEARCH ENGINEERING AND DEVELOPMENT LTD 5.pdf
/dados/Resultado/INNOVATION RESEARCH ENGINEERING AND DEVELOPMENT LTD 6.pdf
/dados/Resultado/INNOVATION RESEARCH ENGINEERING AND DEVELOPMENT LTD 7.pdf
/dados/Resultado/INNOVATION RESEARCH ENGINEERING AND DEVELOPMENT LTD 8.pdf
/dados/Resultado/INNOVATION RESEARCH ENGINEERING AND DEVELOPMENT LTD 9.pdf
/dados/Resultado/INTERCORP LOGISTIC LTD 1.pdf
/dados/Resultado/INTERCORP LOGISTIC LTD 2.pdf
/dados/Resultado/INVERMARK PRIVATE EQUITY FUND 1.pdf
/dados/Resultado/JULIANA CRISTINA LOPES DE OLIVEIRA GORNATI 1.pdf
/dados/Resultado/KLIENFELD SERVICES LTD 1.pdf
/dados/Resultado/KLIENFELD SERVICES LTD 10.pdf
/dados/Resultado/KLIENFELD SERVICES LTD 11.pdf
/dados/Resultado/KLIENFELD SERVICES LTD 12.pdf
/dados/Resultado/KLIENFELD SERVICES LTD 13.pdf
/dados/Resultado/KLIENFELD SERVICES LTD 14.pdf
/dados/Resultado/KLIENFELD SERVICES LTD 15.pdf
/dados/Resultado/KLIENFELD SERVICES LTD 16.pdf
/dados/Resultado/KLIENFELD SERVICES LTD 17.pdf
/dados/Resultado/KLIENFELD SERVICES LTD 18.pdf
/dados/Resultado/KLIENFELD SERVICES LTD 19.pdf
/dados/Resultado/KLIENFELD SERVICES LTD 2.pdf
/dados/Resultado/KLIENFELD SERVICES LTD 20.pdf
/dados/Resultado/KLIENFELD SERVICES LTD 21.pdf
/dados/Resultado/KLIENFELD SERVICES LTD 22.pdf
/dados/Resultado/KLIENFELD SERVICES LTD 23.pdf
/dados/Resultado/KLIENFELD SERVICES LTD 24.pdf
/dados/Resultado/KLIENFELD SERVICES LTD 25.pdf
/dados/Resultado/KLIENFELD SERVICES LTD 26.pdf
/dados/Resultado/KLIENFELD SERVICES LTD 27.pdf
/dados/Resultado/KLIENFELD SERVICES LTD 28.pdf
/dados/Resultado/KLIENFELD SERVICES LTD 29.pdf
/dados/Resultado/KLIENFELD SERVICES LTD 3.pdf
/dados/Resultado/KLIENFELD SERVICES LTD 30.pdf
/dados/Resultado/KLIENFELD SERVICES LTD 31.pdf
/dados/Resultado/KLIENFELD SERVICES LTD 32.pdf
/dados/Resultado/KLIENFELD SERVICES LTD 33.pdf
/dados/Resultado/KLIENFELD SERVICES LTD 4.pdf
/dados/Resultado/KLIENFELD SERVICES LTD 5.pdf
/dados/Resultado/KLIENFELD SERVICES LTD 6.pdf
/dados/Resultado/KLIENFELD SERVICES LTD 7.pdf
/dados/Resultado/KLIENFELD SERVICES LTD 8.pdf
/dados/Resultado/KLIENFELD SERVICES LTD 9.pdf
/dados/Resultado/KTJW INVESTMENTS LTD 1.pdf
/dados/Resultado/LASHAN CORP 1.pdf
/dados/Resultado/LASHAN CORP 2.pdf
/dados/Resultado/LASHAN CORP 3.pdf
/dados/Resultado/LASHAN CORP 4.pdf
/dados/Resultado/LATAM INDEPENDENT ADVISORS INC 1.pdf
/dados/Resultado/LUIZ EDUARDO DA ROCHA SOARES 1.pdf
/dados/Resultado/MAGNA INTERNATIONAL CORP 1.pdf
/dados/Resultado/MAGNA INTERNATIONAL CORP 2.pdf
/dados/Resultado/MAGNA INTERNATIONAL CORP 3.pdf
/dados/Resultado/MAGNA INTERNATIONAL CORP 4.pdf
/dados/Resultado/MAGNA INTERNATIONAL CORP 5.pdf
/dados/Resultado/MAGNA INTERNATIONAL CORP 6.pdf
/dados/Resultado/MAGNA INTERNATIONAL CORP 7.pdf
/dados/Resultado/MASTER MARKET DEVELOPMENT INC 1.pdf
/dados/Resultado/MASTERTON LOGISTICS LP 1.pdf
/dados/Resultado/MERIWETHER TRADING INC 1.pdf
/dados/Resultado/MERIWETHER TRADING INC 10.pdf
/dados/Resultado/MERIWETHER TRADING INC 11.pdf
/dados/Resultado/MERIWETHER TRADING INC 12.pdf
/dados/Resultado/MERIWETHER TRADING INC 13.pdf
/dados/Resultado/MERIWETHER TRADING INC 2.pdf
/dados/Resultado/MERIWETHER TRADING INC 3.pdf
/dados/Resultado/MERIWETHER TRADING INC 4.pdf
/dados/Resultado/MERIWETHER TRADING INC 5.pdf
/dados/Resultado/MERIWETHER TRADING INC 6.pdf
/dados/Resultado/MERIWETHER TRADING INC 7.pdf
/dados/Resultado/MERIWETHER TRADING INC 8.pdf
/dados/Resultado/MERIWETHER TRADING INC 9.pdf
/dados/Resultado/METX TRADING CORP 1.pdf
/dados/Resultado/METX TRADING CORP 2.pdf
/dados/Resultado/METX TRADING CORP 3.pdf
/dados/Resultado/NASHVILLE FINANCIAL CORP 1.pdf
/dados/Resultado/NASHVILLE FINANCIAL CORP 2.pdf
/dados/Resultado/NASHVILLE FINANCIAL CORP 3.pdf
/dados/Resultado/NEVADA INVESTMENTS LTD 1.pdf
/dados/Resultado/NEW PROJECT SOFTWARE AND FINANCIAL SERVICES LTD 1.pdf
/dados/Resultado/NEWPORT CONSULTING LTD 1.pdf
/dados/Resultado/NEWPORT CONSULTING LTD 2.pdf
/dados/Resultado/NEWPORT CONSULTING LTD 3.pdf
/dados/Resultado/NEWPORT CONSULTING LTD 4.pdf
/dados/Resultado/NEWPORT CONSULTING LTD 5.pdf
/dados/Resultado/NONBURG OVERSEAS SA 1.pdf
/dados/Resultado/NONBURG OVERSEAS SA 2.pdf
/dados/Resultado/OCEAN CITY ENTERPRISES LLC 1.pdf
/dados/Resultado/OLIVIO RODRIGUES JUNIOR 1.pdf
/dados/Resultado/PELICAN VENTURE CAPITAL LLC 1.pdf
/dados/Resultado/PIVOTAL CORP 1.pdf
/dados/Resultado/POWER HARVEST INTERNATIONAL LTD 1.pdf
/dados/Resultado/PROVENCE PROPERTIES LLC 1.pdf
/dados/Resultado/RAVENSCRAIG ENGINEERING LP 1.pdf
/dados/Resultado/ROA CORPORATE LEGAL & ECONOMICAL ADVISORY INC 1.pdf
/dados/Resultado/SERVICES AND ADMINISTRATION SUMMIT LIMITED 1.pdf
/dados/Resultado/SERVICES AND ADMINISTRATION SUMMIT LIMITED 2.pdf
/dados/Resultado/SERVICES AND ADMINISTRATION SUMMIT LIMITED 3.pdf
/dados/Resultado/SERVICES AND ADMINISTRATION SUMMIT LIMITED 4.pdf
/dados/Resultado/SERVICES AND ADMINISTRATION SUMMIT LIMITED 5.pdf
/dados/Resultado/SERVICES AND ADMINISTRATION SUMMIT LIMITED 6.pdf
/dados/Resultado/SERVICES AND ADMINISTRATION SUMMIT LIMITED 7.pdf
/dados/Resultado/SERVICES AND ADMINISTRATION SUMMIT LIMITED 8.pdf
/dados/Resultado/SHERKSON INTERNATIONAL SA 1.pdf
/dados/Resultado/SIGMA INVESTIMENTS FUND 1.pdf
/dados/Resultado/SIGMA INVESTIMENTS FUND 2.pdf
/dados/Resultado/SOUTHERN CROSS CONSULTING & ENGINEERING SERVICES SA 1.pdf
/dados/Resultado/STRATEGIC ENGINEERING AND CONSULTING SERVICES SA 1.pdf
/dados/Resultado/STRATEGIC PROJECT PLANNING LTD 1.pdf
/dados/Resultado/SWEN R2 LTD 1.pdf
/dados/Resultado/TRADING SERVICES LLC 1.pdf
/dados/Resultado/TRIDENT INTER TRADING LTD 1.pdf
/dados/Resultado/TRIDENT INTER TRADING LTD 2.pdf
/dados/Resultado/TRIDENT INTER TRADING LTD 3.pdf
/dados/Resultado/TRIDENT INTER TRADING LTD 4.pdf
/dados/Resultado/TRIDENT INTER TRADING LTD 5.pdf
/dados/Resultado/VELOCITY CONSTRUCTION & ENGINEERING LLP 1.pdf
/dados/Resultado/VIVOSANT CORP SA 1.pdf
/dados/Resultado/WESTSIDE CONSULTING INC 1.pdf
/dados/Resultado/WHALBERG INVESTMENTS CONSULTING LP 1.pdf
/dados/Resultado/YANGTAI TRADING LIMITED 1.pdf
/dados/Resultado/ZB INTERNATIONAL LTD 1.pdf
/dados/Resultado/_Ofício de encaminhamento.pdf
